00:00 +0: loading A:/IGrow/test/features/onboarding/tutorial_onboarding_test.dart
00:00 +0: IGR-029 Onboarding Tutorial Tests 1. tutorialCompleted=false -> tutorial starts on home screen open
--- ALL RENDERED WIDGETS ---
Widget Type: View
Widget Type: RawView
Widget Type: _RawViewInternal
Widget Type: _ViewScope
Widget Type: _PipelineOwnerScope
Widget Type: _MediaQueryFromView
Widget Type: MediaQuery
Widget Type: FocusTraversalGroup
Widget Type: Focus
Widget Type: _FocusInheritedScope
Widget Type: _FocusScopeWithExternalFocusNode
Widget Type: _FocusInheritedScope
Widget Type: ProviderScope
Widget Type: UncontrolledProviderScope
Widget Type: _UncontrolledProviderScope
Widget Type: MaterialApp
Widget Type: ScrollConfiguration
Widget Type: HeroControllerScope
Widget Type: WidgetsApp
Widget Type: RootRestorationScope
Widget Type: UnmanagedRestorationScope
Widget Type: RestorationScope
Widget Type: UnmanagedRestorationScope
Widget Type: SharedAppData
Widget Type: _SharedAppModel
Widget Type: NotificationListener<NavigationNotification>
Widget Type: Shortcuts
Widget Type: Focus
Widget Type: _FocusInheritedScope
Widget Type: Semantics
Widget Type: DefaultTextEditingShortcuts
Widget Type: Shortcuts
Widget Type: Focus
Widget Type: _FocusInheritedScope
Widget Type: Semantics
Widget Type: Actions
Widget Type: _ActionsScope
Widget Type: FocusTraversalGroup
Widget Type: Focus
Widget Type: _FocusInheritedScope
Widget Type: TapRegionSurface
Widget Type: ShortcutRegistrar
Widget Type: _ShortcutRegistrarScope
Widget Type: Shortcuts
Widget Type: Focus
Widget Type: _FocusInheritedScope
Widget Type: Semantics
Widget Type: ListenableBuilder
Widget Type: Localizations
Widget Type: Semantics
Widget Type: _LocalizationsScope
Widget Type: Directionality
Widget Type: Title
Widget Type: Focus
Widget Type: _FocusInheritedScope
Widget Type: Semantics
Widget Type: CheckedModeBanner
Widget Type: Banner
Widget Type: CustomPaint
Widget Type: ValueListenableBuilder<bool>
Widget Type: DefaultTextStyle
Widget Type: Builder
Widget Type: AnimatedTheme
Widget Type: Theme
Widget Type: _InheritedTheme
Widget Type: CupertinoTheme
Widget Type: InheritedCupertinoTheme
Widget Type: IconTheme
Widget Type: IconTheme
Widget Type: DefaultSelectionStyle
Widget Type: ScaffoldMessenger
Widget Type: _ScaffoldMessengerScope
Widget Type: DefaultSelectionStyle
Widget Type: Router<Object>
Widget Type: UnmanagedRestorationScope
Widget Type: _RouterScope
Widget Type: Builder
Widget Type: InheritedGoRouter
Widget Type: _CustomNavigator
Widget Type: GoRouterStateRegistryScope
Widget Type: HeroControllerScope
Widget Type: Navigator
Widget Type: HeroControllerScope
Widget Type: NotificationListener<NavigationNotification>
Widget Type: Listener
Widget Type: AbsorbPointer
Widget Type: FocusTraversalGroup
Widget Type: Focus
Widget Type: _FocusInheritedScope
Widget Type: Focus
Widget Type: _FocusInheritedScope
Widget Type: UnmanagedRestorationScope
Widget Type: Overlay
Widget Type: _Theater
Widget Type: _OverlayEntryWidget
Widget Type: TickerMode
Widget Type: _EffectiveTickerMode
Widget Type: _RenderTheaterMarker
Widget Type: Builder
Widget Type: IgnorePointer
Widget Type: ModalBarrier
Widget Type: BlockSemantics
Widget Type: ExcludeSemantics
Widget Type: _ModalBarrierGestureDetector
Widget Type: RawGestureDetector
Widget Type: _GestureSemantics
Widget Type: Listener
Widget Type: Semantics
Widget Type: MouseRegion
Widget Type: ConstrainedBox
Widget Type: _OverlayEntryWidget
Widget Type: TickerMode
Widget Type: _EffectiveTickerMode
Widget Type: _RenderTheaterMarker
Widget Type: Builder
Widget Type: Semantics
Widget Type: _ModalScope<void>
Widget Type: AnimatedBuilder
Widget Type: RestorationScope
Widget Type: UnmanagedRestorationScope
Widget Type: _ModalScopeStatus
Widget Type: Offstage
Widget Type: PageStorage
Widget Type: Builder
Widget Type: Actions
Widget Type: _ActionsScope
Widget Type: PrimaryScrollController
Widget Type: _FocusScopeWithExternalFocusNode
Widget Type: Semantics
Widget Type: _FocusInheritedScope
Widget Type: RepaintBoundary
Widget Type: ListenableBuilder
Widget Type: _PageTransitionsThemeTransitions<void>
Widget Type: _PredictiveBackGestureDetector
Widget Type: _FadeForwardsPageTransition
Widget Type: DualTransitionBuilder
Widget Type: FadeTransition
Widget Type: SlideTransition
Widget Type: FractionalTranslation
Widget Type: IgnorePointer
Widget Type: FadeTransition
Widget Type: SlideTransition
Widget Type: FractionalTranslation
Widget Type: ColoredBox
Widget Type: DualTransitionBuilder
Widget Type: FadeTransition
Widget Type: SlideTransition
Widget Type: FractionalTranslation
Widget Type: FadeTransition
Widget Type: SlideTransition
Widget Type: FractionalTranslation
Widget Type: ListenableBuilder
Widget Type: IgnorePointer
Widget Type: RepaintBoundary
Widget Type: Builder
Widget Type: Semantics
Widget Type: Builder
Widget Type: MainShell
Widget Type: Scaffold
Widget Type: _ScaffoldScope
Widget Type: ScrollNotificationObserver
Widget Type: NotificationListener<ScrollMetricsNotification>
Widget Type: NotificationListener<ScrollNotification>
Widget Type: _ScrollNotificationObserverScope
Widget Type: Material
Widget Type: AnimatedPhysicalModel
Widget Type: PhysicalModel
Widget Type: NotificationListener<LayoutChangedNotification>
Widget Type: _InkFeatures
Widget Type: AnimatedDefaultTextStyle
Widget Type: DefaultTextStyle
Widget Type: Builder
Widget Type: Actions
Widget Type: _ActionsScope
Widget Type: CustomMultiChildLayout
Widget Type: LayoutId
Widget Type: MediaQuery
Widget Type: _BodyBuilder
Widget Type: KeyedSubtree
Widget Type: PopScope<dynamic>
Widget Type: _CustomNavigator
Widget Type: GoRouterStateRegistryScope
Widget Type: HeroControllerScope
Widget Type: Navigator
Widget Type: HeroControllerScope
Widget Type: NotificationListener<NavigationNotification>
Widget Type: Listener
Widget Type: AbsorbPointer
Widget Type: FocusTraversalGroup
Widget Type: Focus
Widget Type: _FocusInheritedScope
Widget Type: Focus
Widget Type: _FocusInheritedScope
Widget Type: UnmanagedRestorationScope
Widget Type: Overlay
Widget Type: _Theater
Widget Type: _OverlayEntryWidget
Widget Type: TickerMode
Widget Type: _EffectiveTickerMode
Widget Type: _RenderTheaterMarker
Widget Type: Builder
Widget Type: IgnorePointer
Widget Type: ModalBarrier
Widget Type: BlockSemantics
Widget Type: ExcludeSemantics
Widget Type: _ModalBarrierGestureDetector
Widget Type: RawGestureDetector
Widget Type: _GestureSemantics
Widget Type: Listener
Widget Type: Semantics
Widget Type: MouseRegion
Widget Type: ConstrainedBox
Widget Type: _OverlayEntryWidget
Widget Type: TickerMode
Widget Type: _EffectiveTickerMode
Widget Type: _RenderTheaterMarker
Widget Type: Builder
Widget Type: Semantics
Widget Type: _ModalScope<void>
Widget Type: AnimatedBuilder
Widget Type: RestorationScope
Widget Type: UnmanagedRestorationScope
Widget Type: _ModalScopeStatus
Widget Type: Offstage
Widget Type: PageStorage
Widget Type: Builder
Widget Type: Actions
Widget Type: _ActionsScope
Widget Type: PrimaryScrollController
Widget Type: _FocusScopeWithExternalFocusNode
Widget Type: Semantics
Widget Type: _FocusInheritedScope
Widget Type: RepaintBoundary
Widget Type: ListenableBuilder
Widget Type: _PageTransitionsThemeTransitions<void>
Widget Type: _PredictiveBackGestureDetector
Widget Type: _FadeForwardsPageTransition
Widget Type: DualTransitionBuilder
Widget Type: FadeTransition
Widget Type: SlideTransition
Widget Type: FractionalTranslation
Widget Type: IgnorePointer
Widget Type: FadeTransition
Widget Type: SlideTransition
Widget Type: FractionalTranslation
Widget Type: ColoredBox
Widget Type: DualTransitionBuilder
Widget Type: FadeTransition
Widget Type: SlideTransition
Widget Type: FractionalTranslation
Widget Type: FadeTransition
Widget Type: SlideTransition
Widget Type: FractionalTranslation
Widget Type: ListenableBuilder
Widget Type: IgnorePointer
Widget Type: RepaintBoundary
Widget Type: Builder
Widget Type: Semantics
Widget Type: Builder
Widget Type: HomeScreen
Widget Type: Scaffold
Widget Type: _ScaffoldScope
Widget Type: ScrollNotificationObserver
Widget Type: NotificationListener<ScrollMetricsNotification>
Widget Type: NotificationListener<ScrollNotification>
Widget Type: _ScrollNotificationObserverScope
Widget Type: Material
Widget Type: AnimatedPhysicalModel
Widget Type: PhysicalModel
Widget Type: NotificationListener<LayoutChangedNotification>
Widget Type: _InkFeatures
Widget Type: AnimatedDefaultTextStyle
Widget Type: DefaultTextStyle
Widget Type: Builder
Widget Type: Actions
Widget Type: _ActionsScope
Widget Type: CustomMultiChildLayout
Widget Type: LayoutId
Widget Type: MediaQuery
Widget Type: _BodyBuilder
Widget Type: KeyedSubtree
Widget Type: AnimatedSwitcher
Widget Type: Stack
Widget Type: KeyedSubtree
Widget Type: FadeTransition
Widget Type: _HomeDashboardBody
Widget Type: RefreshIndicator
Widget Type: Stack
Widget Type: NotificationListener<ScrollNotification>
Widget Type: NotificationListener<OverscrollIndicatorNotification>
Widget Type: SingleChildScrollView
Widget Type: PrimaryScrollController
Widget Type: Scrollable
Widget Type: StretchingOverscrollIndicator
Widget Type: NotificationListener<ScrollNotification>
Widget Type: AnimatedBuilder
Widget Type: ClipRect
Widget Type: StretchEffect
Widget Type: Transform
Widget Type: NotificationListener<ScrollMetricsNotification>
Widget Type: _ScrollSemantics
Widget Type: _ScrollableScope
Widget Type: Listener
Widget Type: RawGestureDetector
Widget Type: _GestureSemantics
Widget Type: Listener
Widget Type: Semantics
Widget Type: IgnorePointer
Widget Type: _SingleChildViewport
Widget Type: Padding
Widget Type: Column
Widget Type: NetProfitCard
Widget Type: Card
Widget Type: Semantics
Widget Type: Padding
Widget Type: Material
Widget Type: _MaterialInterior
Widget Type: PhysicalShape
Widget Type: _ShapeBorderPaint
Widget Type: CustomPaint
Widget Type: NotificationListener<LayoutChangedNotification>
Widget Type: _InkFeatures
Widget Type: AnimatedDefaultTextStyle
Widget Type: DefaultTextStyle
Widget Type: Semantics
Widget Type: Padding
Widget Type: Column
Widget Type: Text
Widget Type: RichText
Widget Type: SizedBox
Widget Type: Row
Widget Type: Expanded
Widget Type: AnimatedSwitcher
Widget Type: Stack
Widget Type: KeyedSubtree
Widget Type: FadeTransition
Widget Type: SlideTransition
Widget Type: FractionalTranslation
Widget Type: Text
Widget Type: RichText
Widget Type: Container
Widget Type: DecoratedBox
Widget Type: Padding
Widget Type: Row
Widget Type: Icon
Widget Type: Semantics
Widget Type: ExcludeSemantics
Widget Type: SizedBox
Widget Type: Center
Widget Type: RichText
Widget Type: SizedBox
Widget Type: Text
Widget Type: RichText
Widget Type: SizedBox
Widget Type: StatCardsRow
Widget Type: Row
Widget Type: Expanded
Widget Type: StatCard
Widget Type: InkWell
Widget Type: _InkResponseStateWidget
Widget Type: _ParentInkResponseProvider
Widget Type: Actions
Widget Type: _ActionsScope
Widget Type: Focus
Widget Type: _FocusInheritedScope
Widget Type: Semantics
Widget Type: MouseRegion
Widget Type: Builder
Widget Type: DefaultSelectionStyle
Widget Type: Semantics
Widget Type: GestureDetector
Widget Type: RawGestureDetector
Widget Type: Listener
Widget Type: Container
Widget Type: DecoratedBox
Widget Type: Padding
Widget Type: Column
Widget Type: Row
Widget Type: CircleAvatar
Widget Type: AnimatedContainer
Widget Type: Container
Widget Type: ConstrainedBox
Widget Type: DecoratedBox
Widget Type: Padding
Widget Type: Center
Widget Type: Builder
Widget Type: MediaQuery
Widget Type: IconTheme
Widget Type: DefaultTextStyle
Widget Type: Icon
Widget Type: Semantics
Widget Type: ExcludeSemantics
Widget Type: SizedBox
Widget Type: Center
Widget Type: RichText
Widget Type: SizedBox
Widget Type: Expanded
Widget Type: Text
Widget Type: RichText
Widget Type: SizedBox
Widget Type: Text
Widget Type: RichText
Widget Type: SizedBox
Widget Type: Expanded
Widget Type: StatCard
Widget Type: InkWell
Widget Type: _InkResponseStateWidget
Widget Type: _ParentInkResponseProvider
Widget Type: Actions
Widget Type: _ActionsScope
Widget Type: Focus
Widget Type: _FocusInheritedScope
Widget Type: Semantics
Widget Type: MouseRegion
Widget Type: Builder
Widget Type: DefaultSelectionStyle
Widget Type: Semantics
Widget Type: GestureDetector
Widget Type: RawGestureDetector
Widget Type: Listener
Widget Type: Container
Widget Type: DecoratedBox
Widget Type: Padding
Widget Type: Column
Widget Type: Row
Widget Type: CircleAvatar
Widget Type: AnimatedContainer
Widget Type: Container
Widget Type: ConstrainedBox
Widget Type: DecoratedBox
Widget Type: Padding
Widget Type: Center
Widget Type: Builder
Widget Type: MediaQuery
Widget Type: IconTheme
Widget Type: DefaultTextStyle
Widget Type: Icon
Widget Type: Semantics
Widget Type: ExcludeSemantics
Widget Type: SizedBox
Widget Type: Center
Widget Type: RichText
Widget Type: SizedBox
Widget Type: Expanded
Widget Type: Text
Widget Type: RichText
Widget Type: SizedBox
Widget Type: Text
Widget Type: RichText
Widget Type: SizedBox
Widget Type: SizedBox
Widget Type: Container
Widget Type: RecentEntriesSection
Widget Type: Column
Widget Type: Row
Widget Type: Text
Widget Type: RichText
Widget Type: TextButton
Widget Type: Semantics
Widget Type: _InputPadding
Widget Type: ConstrainedBox
Widget Type: Material
Widget Type: _MaterialInterior
Widget Type: PhysicalShape
Widget Type: _ShapeBorderPaint
Widget Type: CustomPaint
Widget Type: NotificationListener<LayoutChangedNotification>
Widget Type: _InkFeatures
Widget Type: AnimatedDefaultTextStyle
Widget Type: DefaultTextStyle
Widget Type: AnimatedTheme
Widget Type: Theme
Widget Type: _InheritedTheme
Widget Type: CupertinoTheme
Widget Type: InheritedCupertinoTheme
Widget Type: IconTheme
Widget Type: IconTheme
Widget Type: DefaultSelectionStyle
Widget Type: InkWell
Widget Type: _InkResponseStateWidget
Widget Type: _ParentInkResponseProvider
Widget Type: Actions
Widget Type: _ActionsScope
Widget Type: Focus
Widget Type: _FocusInheritedScope
Widget Type: Semantics
Widget Type: MouseRegion
Widget Type: Builder
Widget Type: DefaultSelectionStyle
Widget Type: Semantics
Widget Type: GestureDetector
Widget Type: RawGestureDetector
Widget Type: Listener
Widget Type: Padding
Widget Type: Align
Widget Type: Text
Widget Type: RichText
Widget Type: SizedBox
Widget Type: Container
Widget Type: DecoratedBox
Widget Type: Padding
Widget Type: Column
Widget Type: Icon
Widget Type: Semantics
Widget Type: ExcludeSemantics
Widget Type: SizedBox
Widget Type: Center
Widget Type: RichText
Widget Type: SizedBox
Widget Type: Text
Widget Type: RichText
Widget Type: SizedBox
Widget Type: Text
Widget Type: RichText
Widget Type: LayoutId
Widget Type: MediaQuery
Widget Type: ConstrainedBox
Widget Type: FlexibleSpaceBarSettings
Widget Type: AppBar
Widget Type: Semantics
Widget Type: AnnotatedRegion<SystemUiOverlayStyle>
Widget Type: Material
Widget Type: AnimatedPhysicalModel
Widget Type: PhysicalModel
Widget Type: NotificationListener<LayoutChangedNotification>
Widget Type: _InkFeatures
Widget Type: AnimatedDefaultTextStyle
Widget Type: DefaultTextStyle
Widget Type: Semantics
Widget Type: Align
Widget Type: SafeArea
Widget Type: Padding
Widget Type: MediaQuery
Widget Type: ClipRect
Widget Type: CustomSingleChildLayout
Widget Type: Builder
Widget Type: IconTheme
Widget Type: DefaultTextStyle
Widget Type: NavigationToolbar
Widget Type: CustomMultiChildLayout
Widget Type: LayoutId
Widget Type: ConstrainedBox
Widget Type: IconButtonTheme
Widget Type: Builder
Widget Type: IconButton
Widget Type: _SelectableIconButton
Widget Type: _IconButtonM3
Widget Type: Semantics
Widget Type: _InputPadding
Widget Type: ConstrainedBox
Widget Type: Material
Widget Type: _MaterialInterior
Widget Type: PhysicalShape
Widget Type: _ShapeBorderPaint
Widget Type: CustomPaint
Widget Type: NotificationListener<LayoutChangedNotification>
Widget Type: _InkFeatures
Widget Type: AnimatedDefaultTextStyle
Widget Type: DefaultTextStyle
Widget Type: AnimatedTheme
Widget Type: Theme
Widget Type: _InheritedTheme
Widget Type: CupertinoTheme
Widget Type: InheritedCupertinoTheme
Widget Type: IconTheme
Widget Type: IconTheme
Widget Type: DefaultSelectionStyle
Widget Type: InkWell
Widget Type: _InkResponseStateWidget
Widget Type: _ParentInkResponseProvider
Widget Type: Actions
Widget Type: _ActionsScope
Widget Type: Focus
Widget Type: _FocusInheritedScope
Widget Type: Semantics
Widget Type: MouseRegion
Widget Type: Builder
Widget Type: DefaultSelectionStyle
Widget Type: Semantics
Widget Type: GestureDetector
Widget Type: RawGestureDetector
Widget Type: Listener
Widget Type: Padding
Widget Type: Align
Widget Type: Semantics
Widget Type: Icon
Widget Type: Semantics
Widget Type: ExcludeSemantics
Widget Type: SizedBox
Widget Type: Center
Widget Type: RichText
Widget Type: LayoutId
Widget Type: Builder
Widget Type: MediaQuery
Widget Type: DefaultTextStyle
Widget Type: Semantics
Widget Type: _AppBarTitleBox
Widget Type: InkWell
Widget Type: _InkResponseStateWidget
Widget Type: _ParentInkResponseProvider
Widget Type: Actions
Widget Type: _ActionsScope
Widget Type: Focus
Widget Type: _FocusInheritedScope
Widget Type: Semantics
Widget Type: MouseRegion
Widget Type: Builder
Widget Type: DefaultSelectionStyle
Widget Type: Semantics
Widget Type: GestureDetector
Widget Type: RawGestureDetector
Widget Type: Listener
Widget Type: Padding
Widget Type: Row
Widget Type: Text
Widget Type: RichText
Widget Type: SizedBox
Widget Type: Icon
Widget Type: Semantics
Widget Type: ExcludeSemantics
Widget Type: SizedBox
Widget Type: Center
Widget Type: RichText
Widget Type: LayoutId
Widget Type: IconButtonTheme
Widget Type: Builder
Widget Type: IconTheme
Widget Type: Padding
Widget Type: Row
Widget Type: Stack
Widget Type: IconButton
Widget Type: _SelectableIconButton
Widget Type: _IconButtonM3
Widget Type: Semantics
Widget Type: _InputPadding
Widget Type: ConstrainedBox
Widget Type: Material
Widget Type: _MaterialInterior
Widget Type: PhysicalShape
Widget Type: _ShapeBorderPaint
Widget Type: CustomPaint
Widget Type: NotificationListener<LayoutChangedNotification>
Widget Type: _InkFeatures
Widget Type: AnimatedDefaultTextStyle
Widget Type: DefaultTextStyle
Widget Type: AnimatedTheme
Widget Type: Theme
Widget Type: _InheritedTheme
Widget Type: CupertinoTheme
Widget Type: InheritedCupertinoTheme
Widget Type: IconTheme
Widget Type: IconTheme
Widget Type: DefaultSelectionStyle
Widget Type: InkWell
Widget Type: _InkResponseStateWidget
Widget Type: _ParentInkResponseProvider
Widget Type: Actions
Widget Type: _ActionsScope
Widget Type: Focus
Widget Type: _FocusInheritedScope
Widget Type: Semantics
Widget Type: MouseRegion
Widget Type: Builder
Widget Type: DefaultSelectionStyle
Widget Type: Semantics
Widget Type: GestureDetector
Widget Type: RawGestureDetector
Widget Type: Listener
Widget Type: Padding
Widget Type: Align
Widget Type: Semantics
Widget Type: Icon
Widget Type: Semantics
Widget Type: ExcludeSemantics
Widget Type: SizedBox
Widget Type: Center
Widget Type: RichText
Widget Type: SizedBox
Widget Type: LayoutId
Widget Type: MediaQuery
Widget Type: _FloatingActionButtonTransition
Widget Type: Stack
Widget Type: ScaleTransition
Widget Type: Transform
Widget Type: RotationTransition
Widget Type: Transform
Widget Type: FloatingActionButton
Widget Type: MergeSemantics
Widget Type: Hero
Widget Type: SizedBox
Widget Type: Offstage
Widget Type: TickerMode
Widget Type: _EffectiveTickerMode
Widget Type: KeyedSubtree
Widget Type: RawMaterialButton
Widget Type: Semantics
Widget Type: _InputPadding
Widget Type: ConstrainedBox
Widget Type: Material
Widget Type: _MaterialInterior
Widget Type: PhysicalShape
Widget Type: _ShapeBorderPaint
Widget Type: CustomPaint
Widget Type: NotificationListener<LayoutChangedNotification>
Widget Type: _InkFeatures
Widget Type: AnimatedDefaultTextStyle
Widget Type: DefaultTextStyle
Widget Type: InkWell
Widget Type: _InkResponseStateWidget
Widget Type: _ParentInkResponseProvider
Widget Type: Actions
Widget Type: _ActionsScope
Widget Type: Focus
Widget Type: _FocusInheritedScope
Widget Type: Semantics
Widget Type: MouseRegion
Widget Type: Builder
Widget Type: DefaultSelectionStyle
Widget Type: Semantics
Widget Type: GestureDetector
Widget Type: RawGestureDetector
Widget Type: Listener
Widget Type: Builder
Widget Type: IconTheme
Widget Type: Padding
Widget Type: Center
Widget Type: Builder
Widget Type: IconTheme
Widget Type: Icon
Widget Type: Semantics
Widget Type: ExcludeSemantics
Widget Type: SizedBox
Widget Type: Center
Widget Type: RichText
Widget Type: LayoutId
Widget Type: MediaQuery
Widget Type: DrawerController
Widget Type: Builder
Widget Type: ListTileTheme
Widget Type: Align
Widget Type: GestureDetector
Widget Type: RawGestureDetector
Widget Type: Listener
Widget Type: LimitedBox
Widget Type: SizedBox
Widget Type: _OverlayEntryWidget
Widget Type: TickerMode
Widget Type: _EffectiveTickerMode
Widget Type: _RenderTheaterMarker
Widget Type: Builder
Widget Type: TutorialCoachMarkWidget
Widget Type: Material
Widget Type: ClipPath
Widget Type: _ShapeBorderPaint
Widget Type: CustomPaint
Widget Type: NotificationListener<LayoutChangedNotification>
Widget Type: _InkFeatures
Widget Type: AnimatedDefaultTextStyle
Widget Type: DefaultTextStyle
Widget Type: Stack
Widget Type: AnimatedFocusLight
Widget Type: Semantics
Widget Type: InkWell
Widget Type: _InkResponseStateWidget
Widget Type: _ParentInkResponseProvider
Widget Type: Actions
Widget Type: _ActionsScope
Widget Type: Focus
Widget Type: _FocusInheritedScope
Widget Type: Semantics
Widget Type: MouseRegion
Widget Type: Builder
Widget Type: DefaultSelectionStyle
Widget Type: Semantics
Widget Type: GestureDetector
Widget Type: RawGestureDetector
Widget Type: Listener
Widget Type: AnimatedBuilder
Widget Type: AnimatedBuilder
Widget Type: Stack
Widget Type: SizedBox
Widget Type: CustomPaint
Widget Type: Positioned
Widget Type: InkWell
Widget Type: _InkResponseStateWidget
Widget Type: _ParentInkResponseProvider
Widget Type: Actions
Widget Type: _ActionsScope
Widget Type: Focus
Widget Type: _FocusInheritedScope
Widget Type: Semantics
Widget Type: MouseRegion
Widget Type: Builder
Widget Type: DefaultSelectionStyle
Widget Type: Semantics
Widget Type: GestureDetector
Widget Type: RawGestureDetector
Widget Type: Listener
Widget Type: Container
Widget Type: ConstrainedBox
Widget Type: ColoredBox
Widget Type: AnimatedOpacity
Widget Type: FadeTransition
Widget Type: Stack
Widget Type: Positioned
Widget Type: SizedBox
Widget Type: Padding
Widget Type: Container
Widget Type: Padding
Widget Type: DecoratedBox
Widget Type: Padding
Widget Type: Column
Widget Type: Row
Widget Type: Text
Widget Type: RichText
Widget Type: TextButton
Widget Type: Semantics
Widget Type: _InputPadding
Widget Type: ConstrainedBox
Widget Type: Material
Widget Type: _MaterialInterior
Widget Type: PhysicalShape
Widget Type: _ShapeBorderPaint
Widget Type: CustomPaint
Widget Type: NotificationListener<LayoutChangedNotification>
Widget Type: _InkFeatures
Widget Type: AnimatedDefaultTextStyle
Widget Type: DefaultTextStyle
Widget Type: AnimatedTheme
Widget Type: Theme
Widget Type: _InheritedTheme
Widget Type: CupertinoTheme
Widget Type: InheritedCupertinoTheme
Widget Type: IconTheme
Widget Type: IconTheme
Widget Type: DefaultSelectionStyle
Widget Type: InkWell
Widget Type: _InkResponseStateWidget
Widget Type: _ParentInkResponseProvider
Widget Type: Actions
Widget Type: _ActionsScope
Widget Type: Focus
Widget Type: _FocusInheritedScope
Widget Type: Semantics
Widget Type: MouseRegion
Widget Type: Builder
Widget Type: DefaultSelectionStyle
Widget Type: Semantics
Widget Type: GestureDetector
Widget Type: RawGestureDetector
Widget Type: Listener
Widget Type: Padding
Widget Type: Align
Widget Type: Text
Widget Type: RichText
Widget Type: SizedBox
Widget Type: Text
Widget Type: RichText
Widget Type: SizedBox
Widget Type: Text
Widget Type: RichText
Widget Type: SizedBox
Widget Type: Row
Widget Type: ElevatedButton
Widget Type: Semantics
Widget Type: _InputPadding
Widget Type: ConstrainedBox
Widget Type: Material
Widget Type: _MaterialInterior
Widget Type: PhysicalShape
Widget Type: _ShapeBorderPaint
Widget Type: CustomPaint
Widget Type: NotificationListener<LayoutChangedNotification>
Widget Type: _InkFeatures
Widget Type: AnimatedDefaultTextStyle
Widget Type: DefaultTextStyle
Widget Type: AnimatedTheme
Widget Type: Theme
Widget Type: _InheritedTheme
Widget Type: CupertinoTheme
Widget Type: InheritedCupertinoTheme
Widget Type: IconTheme
Widget Type: IconTheme
Widget Type: DefaultSelectionStyle
Widget Type: InkWell
Widget Type: _InkResponseStateWidget
Widget Type: _ParentInkResponseProvider
Widget Type: Actions
Widget Type: _ActionsScope
Widget Type: Focus
Widget Type: _FocusInheritedScope
Widget Type: Semantics
Widget Type: MouseRegion
Widget Type: Builder
Widget Type: DefaultSelectionStyle
Widget Type: Semantics
Widget Type: GestureDetector
Widget Type: RawGestureDetector
Widget Type: Listener
Widget Type: Padding
Widget Type: Align
Widget Type: Text
Widget Type: RichText
Widget Type: SizedBox
Widget Type: LayoutId
Widget Type: MediaQuery
Widget Type: Container
Widget Type: DecoratedBox
Widget Type: Padding
Widget Type: BottomNavigationBar
Widget Type: Semantics
Widget Type: _Bar
Widget Type: Material
Widget Type: AnimatedPhysicalModel
Widget Type: PhysicalModel
Widget Type: NotificationListener<LayoutChangedNotification>
Widget Type: _InkFeatures
Widget Type: AnimatedDefaultTextStyle
Widget Type: DefaultTextStyle
Widget Type: ConstrainedBox
Widget Type: CustomPaint
Widget Type: Material
Widget Type: ClipPath
Widget Type: _ShapeBorderPaint
Widget Type: CustomPaint
Widget Type: NotificationListener<LayoutChangedNotification>
Widget Type: _InkFeatures
Widget Type: AnimatedDefaultTextStyle
Widget Type: DefaultTextStyle
Widget Type: Padding
Widget Type: MediaQuery
Widget Type: Builder
Widget Type: DefaultTextStyle
Widget Type: Row
Widget Type: _BottomNavigationTile
Widget Type: Expanded
Widget Type: Semantics
Widget Type: Stack
Widget Type: InkResponse
Widget Type: _InkResponseStateWidget
Widget Type: _ParentInkResponseProvider
Widget Type: Actions
Widget Type: _ActionsScope
Widget Type: Focus
Widget Type: _FocusInheritedScope
Widget Type: Semantics
Widget Type: MouseRegion
Widget Type: Builder
Widget Type: DefaultSelectionStyle
Widget Type: Semantics
Widget Type: GestureDetector
Widget Type: RawGestureDetector
Widget Type: Listener
Widget Type: Padding
Widget Type: _Tile
Widget Type: Column
Widget Type: _TileIcon
Widget Type: Align
Widget Type: IconTheme
Widget Type: Container
Widget Type: DecoratedBox
Widget Type: Padding
Widget Type: Icon
Widget Type: Semantics
Widget Type: ExcludeSemantics
Widget Type: SizedBox
Widget Type: Center
Widget Type: RichText
Widget Type: _Label
Widget Type: Builder
Widget Type: MediaQuery
Widget Type: Align
Widget Type: Builder
Widget Type: DefaultTextStyle
Widget Type: Transform
Widget Type: Text
Widget Type: RichText
Widget Type: Semantics
Widget Type: _BottomNavigationTile
Widget Type: Expanded
Widget Type: Semantics
Widget Type: Stack
Widget Type: InkResponse
Widget Type: _InkResponseStateWidget
Widget Type: _ParentInkResponseProvider
Widget Type: Actions
Widget Type: _ActionsScope
Widget Type: Focus
Widget Type: _FocusInheritedScope
Widget Type: Semantics
Widget Type: MouseRegion
Widget Type: Builder
Widget Type: DefaultSelectionStyle
Widget Type: Semantics
Widget Type: GestureDetector
Widget Type: RawGestureDetector
Widget Type: Listener
Widget Type: Padding
Widget Type: _Tile
Widget Type: Column
Widget Type: _TileIcon
Widget Type: Align
Widget Type: IconTheme
Widget Type: Container
Widget Type: Container
Widget Type: DecoratedBox
Widget Type: Padding
Widget Type: Icon
Widget Type: Semantics
Widget Type: ExcludeSemantics
Widget Type: SizedBox
Widget Type: Center
Widget Type: RichText
Widget Type: _Label
Widget Type: Builder
Widget Type: MediaQuery
Widget Type: Align
Widget Type: Builder
Widget Type: DefaultTextStyle
Widget Type: Transform
Widget Type: Text
Widget Type: RichText
Widget Type: Semantics
Widget Type: _BottomNavigationTile
Widget Type: Expanded
Widget Type: Semantics
Widget Type: Stack
Widget Type: InkResponse
Widget Type: _InkResponseStateWidget
Widget Type: _ParentInkResponseProvider
Widget Type: Actions
Widget Type: _ActionsScope
Widget Type: Focus
Widget Type: _FocusInheritedScope
Widget Type: Semantics
Widget Type: MouseRegion
Widget Type: Builder
Widget Type: DefaultSelectionStyle
Widget Type: Semantics
Widget Type: GestureDetector
Widget Type: RawGestureDetector
Widget Type: Listener
Widget Type: Padding
Widget Type: _Tile
Widget Type: Column
Widget Type: _TileIcon
Widget Type: Align
Widget Type: IconTheme
Widget Type: Container
Widget Type: Container
Widget Type: DecoratedBox
Widget Type: Padding
Widget Type: Icon
Widget Type: Semantics
Widget Type: ExcludeSemantics
Widget Type: SizedBox
Widget Type: Center
Widget Type: RichText
Widget Type: _Label
Widget Type: Builder
Widget Type: MediaQuery
Widget Type: Align
Widget Type: Builder
Widget Type: DefaultTextStyle
Widget Type: Transform
Widget Type: Text
Widget Type: RichText
Widget Type: Semantics
Widget Type: _BottomNavigationTile
Widget Type: Expanded
Widget Type: Semantics
Widget Type: Stack
Widget Type: InkResponse
Widget Type: _InkResponseStateWidget
Widget Type: _ParentInkResponseProvider
Widget Type: Actions
Widget Type: _ActionsScope
Widget Type: Focus
Widget Type: _FocusInheritedScope
Widget Type: Semantics
Widget Type: MouseRegion
Widget Type: Builder
Widget Type: DefaultSelectionStyle
Widget Type: Semantics
Widget Type: GestureDetector
Widget Type: RawGestureDetector
Widget Type: Listener
Widget Type: Padding
Widget Type: _Tile
Widget Type: Column
Widget Type: _TileIcon
Widget Type: Align
Widget Type: IconTheme
Widget Type: Container
Widget Type: Badge
Widget Type: Container
Widget Type: DecoratedBox
Widget Type: Padding
Widget Type: Icon
Widget Type: Semantics
Widget Type: ExcludeSemantics
Widget Type: SizedBox
Widget Type: Center
Widget Type: RichText
Widget Type: _Label
Widget Type: Builder
Widget Type: MediaQuery
Widget Type: Align
Widget Type: Builder
Widget Type: DefaultTextStyle
Widget Type: Transform
Widget Type: Text
Widget Type: RichText
Widget Type: Semantics
Widget Type: LayoutId
Widget Type: MediaQuery
Widget Type: _FloatingActionButtonTransition
Widget Type: Stack
Widget Type: ScaleTransition
Widget Type: Transform
Widget Type: RotationTransition
Widget Type: Transform
----------------------------
00:01 +1: IGR-029 Onboarding Tutorial Tests 2. tutorialCompleted=true -> tutorial does NOT start
00:01 +2: IGR-029 Onboarding Tutorial Tests 3. Skip on step 2: tutorialCompleted written to Firestore, tutorial dismissed
DEBUG: Transitioning to step 2...
focusLightState: AnimatedPulseFocusLightState#71cae(tickers: tracking 2 tickers)
Transition failed: NoSuchMethodError: Class 'AnimatedPulseFocusLightState' has no instance getter '_isAnimating'.
Receiver: Instance of 'AnimatedPulseFocusLightState'
Tried calling: _isAnimating
--- RENDERED TEXT WIDGETS AFTER NEXT ---
Text widget: NET PROFIT
Text widget: Γé╣50
Text widget: 10.0% MoM
Text widget: TODAY'S INCOME
Text widget: Γé╣0
Text widget: TODAY'S EXPENSE
Text widget: Γé╣0
Text widget: RECENT ENTRIES
Text widget: View All
Text widget: No transactions yet
Text widget: Add income or expenses to see report summary
Text widget: Personal Profile
Text widget: Step 1 of 5
Text widget: Skip
Text widget: Dashboard
Text widget: Your net profit at a glance
Text widget: Next
Text widget: Home
Text widget: Analytics
Text widget: Reports
Text widget: Connect
-----------------------------
ΓòÉΓòÉΓòí EXCEPTION CAUGHT BY FLUTTER TEST FRAMEWORK Γò₧ΓòÉΓòÉΓòÉΓòÉΓòÉΓòÉΓòÉΓòÉΓòÉΓòÉΓòÉΓòÉΓòÉΓòÉΓòÉΓòÉΓòÉΓòÉΓòÉΓòÉΓòÉΓòÉΓòÉΓòÉΓòÉΓòÉΓòÉΓòÉΓòÉΓòÉΓòÉΓòÉΓòÉΓòÉΓòÉΓòÉΓòÉΓòÉΓòÉΓòÉΓòÉΓòÉΓòÉΓòÉΓòÉΓòÉΓòÉΓòÉΓòÉΓòÉΓòÉΓòÉ
The following TestFailure was thrown running a test:
Expected: exactly one matching candidate
  Actual: _TextWidgetFinder:<Found 0 widgets with text "Step 2 of 5": []>
   Which: means none were found but one was expected

When the exception was thrown, this was the stack:
#4      main.<anonymous closure>.<anonymous closure> (file:///A:/IGrow/test/features/onboarding/tutorial_onboarding_test.dart:366:7)
<asynchronous suspension>
#5      testWidgets.<anonymous closure>.<anonymous closure> (package:flutter_test/src/widget_tester.dart:192:15)
<asynchronous suspension>
#6      TestWidgetsFlutterBinding._runTestBody (package:flutter_test/src/binding.dart:1952:5)
<asynchronous suspension>
<asynchronous suspension>
(elided one frame from package:stack_trace)

This was caught by the test expectation on the following line:
  file:///A:/IGrow/test/features/onboarding/tutorial_onboarding_test.dart line 366
The test description was:
  3. Skip on step 2: tutorialCompleted written to Firestore, tutorial dismissed
ΓòÉΓòÉΓòÉΓòÉΓòÉΓòÉΓòÉΓòÉΓòÉΓòÉΓòÉΓòÉΓòÉΓòÉΓòÉΓòÉΓòÉΓòÉΓòÉΓòÉΓòÉΓòÉΓòÉΓòÉΓòÉΓòÉΓòÉΓòÉΓòÉΓòÉΓòÉΓòÉΓòÉΓòÉΓòÉΓòÉΓòÉΓòÉΓòÉΓòÉΓòÉΓòÉΓòÉΓòÉΓòÉΓòÉΓòÉΓòÉΓòÉΓòÉΓòÉΓòÉΓòÉΓòÉΓòÉΓòÉΓòÉΓòÉΓòÉΓòÉΓòÉΓòÉΓòÉΓòÉΓòÉΓòÉΓòÉΓòÉΓòÉΓòÉΓòÉΓòÉΓòÉΓòÉΓòÉΓòÉΓòÉΓòÉΓòÉΓòÉΓòÉΓòÉΓòÉΓòÉΓòÉΓòÉΓòÉΓòÉΓòÉΓòÉΓòÉΓòÉΓòÉΓòÉΓòÉΓòÉΓòÉΓòÉΓòÉΓòÉ
00:01 +2 -1: IGR-029 Onboarding Tutorial Tests 3. Skip on step 2: tutorialCompleted written to Firestore, tutorial dismissed [E]
  Test failed. See exception logs above.
  The test description was: 3. Skip on step 2: tutorialCompleted written to Firestore, tutorial dismissed
  
00:01 +2 -1: IGR-029 Onboarding Tutorial Tests 4. Complete all steps: tutorialCompleted=true AND tutorialRole written
ΓòÉΓòÉΓòí EXCEPTION CAUGHT BY FLUTTER TEST FRAMEWORK Γò₧ΓòÉΓòÉΓòÉΓòÉΓòÉΓòÉΓòÉΓòÉΓòÉΓòÉΓòÉΓòÉΓòÉΓòÉΓòÉΓòÉΓòÉΓòÉΓòÉΓòÉΓòÉΓòÉΓòÉΓòÉΓòÉΓòÉΓòÉΓòÉΓòÉΓòÉΓòÉΓòÉΓòÉΓòÉΓòÉΓòÉΓòÉΓòÉΓòÉΓòÉΓòÉΓòÉΓòÉΓòÉΓòÉΓòÉΓòÉΓòÉΓòÉΓòÉΓòÉΓòÉ
The following TestFailure was thrown running a test:
Expected: exactly one matching candidate
  Actual: _TextWidgetFinder:<Found 0 widgets with text "Step 5 of 5": []>
   Which: means none were found but one was expected

When the exception was thrown, this was the stack:
#4      main.<anonymous closure>.<anonymous closure> (file:///A:/IGrow/test/features/onboarding/tutorial_onboarding_test.dart:408:7)
<asynchronous suspension>
#5      testWidgets.<anonymous closure>.<anonymous closure> (package:flutter_test/src/widget_tester.dart:192:15)
<asynchronous suspension>
#6      TestWidgetsFlutterBinding._runTestBody (package:flutter_test/src/binding.dart:1952:5)
<asynchronous suspension>
<asynchronous suspension>
(elided one frame from package:stack_trace)

This was caught by the test expectation on the following line:
  file:///A:/IGrow/test/features/onboarding/tutorial_onboarding_test.dart line 408
The test description was:
  4. Complete all steps: tutorialCompleted=true AND tutorialRole written
ΓòÉΓòÉΓòÉΓòÉΓòÉΓòÉΓòÉΓòÉΓòÉΓòÉΓòÉΓòÉΓòÉΓòÉΓòÉΓòÉΓòÉΓòÉΓòÉΓòÉΓòÉΓòÉΓòÉΓòÉΓòÉΓòÉΓòÉΓòÉΓòÉΓòÉΓòÉΓòÉΓòÉΓòÉΓòÉΓòÉΓòÉΓòÉΓòÉΓòÉΓòÉΓòÉΓòÉΓòÉΓòÉΓòÉΓòÉΓòÉΓòÉΓòÉΓòÉΓòÉΓòÉΓòÉΓòÉΓòÉΓòÉΓòÉΓòÉΓòÉΓòÉΓòÉΓòÉΓòÉΓòÉΓòÉΓòÉΓòÉΓòÉΓòÉΓòÉΓòÉΓòÉΓòÉΓòÉΓòÉΓòÉΓòÉΓòÉΓòÉΓòÉΓòÉΓòÉΓòÉΓòÉΓòÉΓòÉΓòÉΓòÉΓòÉΓòÉΓòÉΓòÉΓòÉΓòÉΓòÉΓòÉΓòÉΓòÉΓòÉ
00:02 +2 -2: IGR-029 Onboarding Tutorial Tests 4. Complete all steps: tutorialCompleted=true AND tutorialRole written [E]
  Test failed. See exception logs above.
  The test description was: 4. Complete all steps: tutorialCompleted=true AND tutorialRole written
  
00:02 +2 -2: IGR-029 Onboarding Tutorial Tests 5. Business role: 7 steps shown, CA Connect step included
ΓòÉΓòÉΓòí EXCEPTION CAUGHT BY FLUTTER TEST FRAMEWORK Γò₧ΓòÉΓòÉΓòÉΓòÉΓòÉΓòÉΓòÉΓòÉΓòÉΓòÉΓòÉΓòÉΓòÉΓòÉΓòÉΓòÉΓòÉΓòÉΓòÉΓòÉΓòÉΓòÉΓòÉΓòÉΓòÉΓòÉΓòÉΓòÉΓòÉΓòÉΓòÉΓòÉΓòÉΓòÉΓòÉΓòÉΓòÉΓòÉΓòÉΓòÉΓòÉΓòÉΓòÉΓòÉΓòÉΓòÉΓòÉΓòÉΓòÉΓòÉΓòÉΓòÉ
The following TestFailure was thrown running a test:
Expected: exactly one matching candidate
  Actual: _TextWidgetFinder:<Found 0 widgets with text "Step 7 of 7": []>
   Which: means none were found but one was expected

When the exception was thrown, this was the stack:
#4      main.<anonymous closure>.<anonymous closure> (file:///A:/IGrow/test/features/onboarding/tutorial_onboarding_test.dart:454:7)
<asynchronous suspension>
#5      testWidgets.<anonymous closure>.<anonymous closure> (package:flutter_test/src/widget_tester.dart:192:15)
<asynchronous suspension>
#6      TestWidgetsFlutterBinding._runTestBody (package:flutter_test/src/binding.dart:1952:5)
<asynchronous suspension>
<asynchronous suspension>
(elided one frame from package:stack_trace)

This was caught by the test expectation on the following line:
  file:///A:/IGrow/test/features/onboarding/tutorial_onboarding_test.dart line 454
The test description was:
  5. Business role: 7 steps shown, CA Connect step included
ΓòÉΓòÉΓòÉΓòÉΓòÉΓòÉΓòÉΓòÉΓòÉΓòÉΓòÉΓòÉΓòÉΓòÉΓòÉΓòÉΓòÉΓòÉΓòÉΓòÉΓòÉΓòÉΓòÉΓòÉΓòÉΓòÉΓòÉΓòÉΓòÉΓòÉΓòÉΓòÉΓòÉΓòÉΓòÉΓòÉΓòÉΓòÉΓòÉΓòÉΓòÉΓòÉΓòÉΓòÉΓòÉΓòÉΓòÉΓòÉΓòÉΓòÉΓòÉΓòÉΓòÉΓòÉΓòÉΓòÉΓòÉΓòÉΓòÉΓòÉΓòÉΓòÉΓòÉΓòÉΓòÉΓòÉΓòÉΓòÉΓòÉΓòÉΓòÉΓòÉΓòÉΓòÉΓòÉΓòÉΓòÉΓòÉΓòÉΓòÉΓòÉΓòÉΓòÉΓòÉΓòÉΓòÉΓòÉΓòÉΓòÉΓòÉΓòÉΓòÉΓòÉΓòÉΓòÉΓòÉΓòÉΓòÉΓòÉΓòÉ
00:02 +2 -3: IGR-029 Onboarding Tutorial Tests 5. Business role: 7 steps shown, CA Connect step included [E]
  Test failed. See exception logs above.
  The test description was: 5. Business role: 7 steps shown, CA Connect step included
  
00:02 +2 -3: IGR-029 Onboarding Tutorial Tests 6. Personal role: 5 steps, no CA Connect step
00:02 +3 -3: IGR-029 Onboarding Tutorial Tests 7. Replay Tutorial in settings: resets tutorialCompleted=false
00:03 +4 -3: IGR-029 Onboarding Tutorial Tests CA Client connect test 8. CA Connect onboarding list screen displays mock details and bell
ΓòÉΓòÉΓòí EXCEPTION CAUGHT BY FLUTTER TEST FRAMEWORK Γò₧ΓòÉΓòÉΓòÉΓòÉΓòÉΓòÉΓòÉΓòÉΓòÉΓòÉΓòÉΓòÉΓòÉΓòÉΓòÉΓòÉΓòÉΓòÉΓòÉΓòÉΓòÉΓòÉΓòÉΓòÉΓòÉΓòÉΓòÉΓòÉΓòÉΓòÉΓòÉΓòÉΓòÉΓòÉΓòÉΓòÉΓòÉΓòÉΓòÉΓòÉΓòÉΓòÉΓòÉΓòÉΓòÉΓòÉΓòÉΓòÉΓòÉΓòÉΓòÉΓòÉ
The following TestFailure was thrown running a test:
Expected: exactly one matching candidate
  Actual: _TextWidgetFinder:<Found 0 widgets with text "Step 2 of 6": []>
   Which: means none were found but one was expected

When the exception was thrown, this was the stack:
#4      main.<anonymous closure>.<anonymous closure>.<anonymous closure> (file:///A:/IGrow/test/features/onboarding/tutorial_onboarding_test.dart:566:7)
<asynchronous suspension>
#5      testWidgets.<anonymous closure>.<anonymous closure> (package:flutter_test/src/widget_tester.dart:192:15)
<asynchronous suspension>
#6      TestWidgetsFlutterBinding._runTestBody (package:flutter_test/src/binding.dart:1952:5)
<asynchronous suspension>
<asynchronous suspension>
(elided one frame from package:stack_trace)

This was caught by the test expectation on the following line:
  file:///A:/IGrow/test/features/onboarding/tutorial_onboarding_test.dart line 566
The test description was:
  8. CA Connect onboarding list screen displays mock details and bell
ΓòÉΓòÉΓòÉΓòÉΓòÉΓòÉΓòÉΓòÉΓòÉΓòÉΓòÉΓòÉΓòÉΓòÉΓòÉΓòÉΓòÉΓòÉΓòÉΓòÉΓòÉΓòÉΓòÉΓòÉΓòÉΓòÉΓòÉΓòÉΓòÉΓòÉΓòÉΓòÉΓòÉΓòÉΓòÉΓòÉΓòÉΓòÉΓòÉΓòÉΓòÉΓòÉΓòÉΓòÉΓòÉΓòÉΓòÉΓòÉΓòÉΓòÉΓòÉΓòÉΓòÉΓòÉΓòÉΓòÉΓòÉΓòÉΓòÉΓòÉΓòÉΓòÉΓòÉΓòÉΓòÉΓòÉΓòÉΓòÉΓòÉΓòÉΓòÉΓòÉΓòÉΓòÉΓòÉΓòÉΓòÉΓòÉΓòÉΓòÉΓòÉΓòÉΓòÉΓòÉΓòÉΓòÉΓòÉΓòÉΓòÉΓòÉΓòÉΓòÉΓòÉΓòÉΓòÉΓòÉΓòÉΓòÉΓòÉΓòÉ
00:03 +4 -4: IGR-029 Onboarding Tutorial Tests CA Client connect test 8. CA Connect onboarding list screen displays mock details and bell [E]
  Test failed. See exception logs above.
  The test description was: 8. CA Connect onboarding list screen displays mock details and bell
  
00:03 +4 -4: Some tests failed.

Failing tests:
  A:/IGrow/test/features/onboarding/tutorial_onboarding_test.dart: IGR-029 Onboarding Tutorial Tests 3. Skip on step 2: tutorialCompleted written to Firestore, tutorial dismissed
  A:/IGrow/test/features/onboarding/tutorial_onboarding_test.dart: IGR-029 Onboarding Tutorial Tests 4. Complete all steps: tutorialCompleted=true AND tutorialRole written
  A:/IGrow/test/features/onboarding/tutorial_onboarding_test.dart: IGR-029 Onboarding Tutorial Tests 5. Business role: 7 steps shown, CA Connect step included
  A:/IGrow/test/features/onboarding/tutorial_onboarding_test.dart: IGR-029 Onboarding Tutorial Tests CA Client connect test 8. CA Connect onboarding list screen displays mock details and bell
